// Jest Snapshot v1, https://goo.gl/fbAQLP

exports[`withPersistedAuth snapshots render snapshot 1`] = `null`;
